=== SDK QUIC Resilience Tests ===

test_write_after_close_is_safe: PASS
test_openstream_after_abrupt_drop_is_safe: PASS
test_stream_close_after_abrupt_drop_is_safe: PASS
test_remote_address_on_closed_conn_is_safe: PASS
test_double_close_is_safe: PASS
test_bind_missing_cert_file_fails_clean: PASS
test_bind_with_malformed_address_fails_clean: PASS
test_connect_to_tcp_listener_is_bounded: PASS
test_connect_to_unreachable_ip_is_bounded: PASS
test_connect_with_malformed_address: PASS
test_migrate_on_closed_conn_is_safe: PASS
test_resumption_token_on_closed_conn_is_safe: PASS
test_connect_early_with_garbage_token_is_bounded: PASS
test_stream_outlives_connection: PASS
test_write_empty_bytes_is_safe: PASS
test_read_zero_bytes_returns_empty: PASS
test_write_line_empty_string_is_safe: PASS
test_write_after_stream_close_is_safe: PASS
test_config_zero_max_bidi_streams_blocks_opens: PASS
test_concurrent_close_same_conn: PASS

All QUIC resilience tests passed!
