=== SDK QUIC Resilience Tests ===

test_connect_without_listener_is_bounded: PASS
test_connect_retries_while_server_not_ready: PASS
test_idle_timeout_marks_closed: PASS
test_isclosed_flips_after_server_drop: PASS
test_handshake_timeout_is_tight: PASS
test_reconnect_after_peer_close: PASS
test_listener_close_tears_down_server_conns: PASS
test_listener_accept_after_close_is_bounded: PASS
test_connection_stays_alive_under_periodic_traffic: PASS
test_connect_with_localhost_hostname: PASS

All QUIC resilience tests passed!
