=== SDK QUIC Resilience Tests ===

test_write_after_close_is_safe: PASS
test_openstream_after_abrupt_drop_is_safe: PASS
test_bind_missing_cert_file_fails_clean: PASS
test_bind_with_malformed_address_fails_clean: PASS
test_connect_to_tcp_listener_is_bounded: PASS
test_connect_with_malformed_address: PASS
test_migrate_on_closed_conn_is_safe: PASS
test_write_empty_bytes_is_safe: PASS
test_double_close_is_safe: PASS
test_config_zero_max_bidi_streams_blocks_opens: PASS

All QUIC resilience tests passed!
