=== SDK UUID Tests ===

test_create: PASS
test_new: PASS
test_v4: PASS
test_v7: PASS
test_v5: PASS
test_from_string: PASS
test_uniqueness: PASS
test_to_hex: PASS
test_to_base64: PASS
test_nil_uuid: PASS
test_max_uuid: PASS
test_namespaces: PASS
test_comparison: PASS
test_from_hex: PASS
test_from_base64: PASS
test_multiple_uuids: PASS

All UUID tests passed!
