=== SDK Compression Tests ===

test_basic_compress_decompress: PASS
test_compress_levels: PASS
test_compress_to_buffer: PASS
test_empty_data: PASS
test_is_compressed: PASS
test_compression_ratio: PASS
test_error_messages: PASS
test_compressible_data: PASS
test_random_like_data: PASS

All compression tests passed!
