=== SDK JSON Tests ===

test_create_object: PASS
test_create_array: PASS
test_primitive_values: PASS
test_object_access: PASS
test_array_access: PASS
test_object_mutation: PASS
test_array_mutation: PASS
test_nested_structures: PASS
test_keys: PASS
test_type_names: PASS
test_serialization: PASS
test_parse_array: PASS
test_parse_nested: PASS
test_copy: PASS
test_file_io: PASS

All JSON tests passed!
