=== SDK XML Tests ===

test_parse_string: PASS
test_create_element: PASS
test_create_document: PASS
test_attributes: PASS
test_child_navigation: PASS
test_sibling_navigation: PASS
test_text_content: PASS
test_type_checking: PASS
test_mutation_add_child: PASS
test_mutation_set_name: PASS
test_mutation_remove: PASS
test_xpath_find: PASS
test_xpath_find_all: PASS
test_serialization: PASS
test_file_io: PASS
test_deep_copy: PASS
test_nested_structure: PASS
test_parse_with_attributes: PASS

All XML tests passed!
